// Jest Snapshot v1, https://goo.gl/fbAQLP

exports[`Component renders 1`] = `
<button
  class="css-1ehxhbq css-0"
>
  ButtonText
</button>
`;
